[2026-09-02 01:40:10 UTC] NEW MATCH - stock#8071277 | BYD ATTO 2 | Dynamic | $35,371 | available | BYD Devonport
[2026-09-02 01:40:10 UTC] NEW MATCH - stock#8088786 | BYD ATTO 2 | Dynamic | $36,155 | available | BYD Sunbury
[2026-09-02 01:40:10 UTC] NEW MATCH - stock#8094846 | BYD ATTO 2 | Dynamic | $35,371 | available | BYD Launceston
[2026-09-02 01:40:10 UTC] NEW MATCH - stock#8096069 | BYD ATTO 2 | Dynamic | $35,530 | available | BYD Ballarat
[2026-09-02 01:40:10 UTC] NEW MATCH - stock#8096070 | BYD ATTO 2 | Dynamic | $35,530 | available | VIC
[2026-09-02 01:40:10 UTC] NEW MATCH - stock#8096072 | BYD ATTO 2 | Dynamic | $35,530 | available | BYD Werribee
[2026-09-02 01:40:10 UTC] NEW MATCH - stock#8100339 | BYD ATTO 2 | Dynamic | $35,161 | available | QLD
[2026-09-02 01:40:10 UTC] NEW MATCH - stock#8100341 | BYD ATTO 2 | Dynamic | $35,161 | available | QLD
[2026-09-02 01:40:10 UTC] NEW MATCH - stock#8100342 | BYD ATTO 2 | Dynamic | $35,161 | available | QLD
[2026-09-02 01:40:10 UTC] NEW MATCH - stock#8101205 | BYD ATTO 2 | Dynamic | $34,549 | available | QLD
[2026-09-02 01:40:10 UTC] NEW MATCH - stock#8101776 | BYD ATTO 2 | Dynamic | $34,549 | available | QLD
[2026-09-02 01:40:10 UTC] NEW MATCH - stock#8101984 | BYD ATTO 2 | Dynamic | $34,549 | available | QLD
[2026-09-02 01:40:10 UTC] NEW MATCH - stock#8102592 | BYD ATTO 2 | Dynamic | $35,530 | available | VIC
[2026-09-02 01:40:10 UTC] NEW MATCH - stock#8104527 | BYD ATTO 2 | Dynamic | $35,161 | available | QLD
[2026-09-02 01:40:10 UTC] NEW MATCH - stock#8104528 | BYD ATTO 2 | Dynamic | $35,161 | available | QLD
[2026-09-02 01:40:10 UTC] NEW MATCH - stock#8104529 | BYD ATTO 2 | Dynamic | $35,161 | available | QLD
[2026-09-02 01:40:10 UTC] NEW MATCH - stock#8107227 | BYD ATTO 2 | Dynamic | $34,549 | available | QLD
[2026-09-02 01:40:10 UTC] NEW MATCH - stock#8107656 | BYD ATTO 2 | Dynamic | $35,660 | available | SA
[2026-09-02 01:40:10 UTC] NEW MATCH - stock#8107657 | BYD ATTO 2 | Dynamic | $35,660 | available | SA
[2026-09-02 01:40:10 UTC] NEW MATCH - stock#8107658 | BYD ATTO 2 | Dynamic | $35,660 | available | SA
[2026-09-02 01:40:10 UTC] NEW MATCH - stock#8107925 | BYD ATTO 2 | Dynamic | $36,155 | available | VIC
[2026-09-02 01:40:10 UTC] NEW MATCH - stock#8108404 | BYD ATTO 2 | Dynamic | $35,161 | available | QLD
[2026-09-02 01:40:10 UTC] NEW MATCH - stock#8108421 | BYD ATTO 2 | Dynamic | $35,161 | available | QLD
[2026-09-02 01:40:10 UTC] NEW MATCH - stock#8108422 | BYD ATTO 2 | Dynamic | $35,161 | available | QLD
[2026-09-02 01:40:10 UTC] NEW MATCH - stock#8108788 | BYD ATTO 2 | Dynamic | $36,155 | available | VIC
[2026-09-02 01:40:10 UTC] NEW MATCH - stock#8108789 | BYD ATTO 2 | Dynamic | $36,155 | available | VIC
[2026-09-02 01:40:10 UTC] NEW MATCH - stock#8108790 | BYD ATTO 2 | Dynamic | $36,155 | available | VIC
[2026-09-02 01:40:10 UTC] NEW MATCH - stock#8108894 | BYD ATTO 2 | Dynamic | $36,155 | available | VIC
[2026-09-02 01:40:10 UTC] NEW MATCH - stock#8108895 | BYD ATTO 2 | Dynamic | $35,530 | available | VIC
[2026-09-02 01:40:10 UTC] NEW MATCH - stock#8108925 | BYD ATTO 2 | Dynamic | $35,530 | available | VIC
[2026-09-02 01:40:10 UTC] NEW MATCH - stock#8108926 | BYD ATTO 2 | Dynamic | $35,530 | available | VIC
[2026-09-02 01:40:10 UTC] NEW MATCH - stock#8108928 | BYD ATTO 2 | Dynamic | $36,155 | available | VIC
[2026-09-02 01:40:10 UTC] NEW MATCH - stock#8108929 | BYD ATTO 2 | Dynamic | $36,155 | available | VIC
[2026-09-02 01:40:10 UTC] NEW MATCH - stock#8108936 | BYD ATTO 2 | Dynamic | $35,530 | available | VIC
[2026-09-02 01:40:10 UTC] NEW MATCH - stock#8108937 | BYD ATTO 2 | Dynamic | $35,530 | available | VIC
[2026-09-02 01:40:10 UTC] NEW MATCH - stock#8110125 | BYD ATTO 2 | Dynamic | $35,161 | available | QLD
[2026-09-02 01:40:10 UTC] NEW MATCH - stock#8111326 | BYD ATTO 2 | Dynamic | $36,157 | available | NSW
[2026-09-02 01:40:10 UTC] NEW MATCH - stock#8111327 | BYD ATTO 2 | Dynamic | $36,157 | available | NSW
[2026-09-02 01:40:10 UTC] NEW MATCH - stock#8111328 | BYD ATTO 2 | Dynamic | $36,157 | available | NSW
[2026-09-02 01:40:10 UTC] NEW MATCH - stock#8111329 | BYD ATTO 2 | Dynamic | $36,157 | available | NSW
[2026-09-02 01:40:10 UTC] NEW MATCH - stock#8111330 | BYD ATTO 2 | Dynamic | $36,157 | available | NSW
[2026-09-02 01:40:10 UTC] NEW MATCH - stock#8111423 | BYD ATTO 2 | Dynamic | $36,155 | available | VIC
[2026-09-02 01:40:10 UTC] NEW MATCH - stock#8111424 | BYD ATTO 2 | Dynamic | $36,155 | available | VIC
[2026-09-02 06:07:47 UTC] NEW MATCH - stock#8081171 | BYD ATTO 2 | Dynamic | $35,371 | available | BYD Devonport
[2026-09-02 06:07:47 UTC] NEW MATCH - stock#8088003 | BYD ATTO 2 | Dynamic | $35,371 | available | BYD Launceston
[2026-09-02 06:07:47 UTC] NEW MATCH - stock#8096071 | BYD ATTO 2 | Dynamic | $34,753 | available | TAS
[2026-09-02 06:07:47 UTC] NEW MATCH - stock#8096073 | BYD ATTO 2 | Dynamic | $34,753 | available | TAS
[2026-09-02 06:07:47 UTC] NEW MATCH - stock#8096074 | BYD ATTO 2 | Dynamic | $35,530 | available | BYD Warrnambool
[2026-09-02 06:07:47 UTC] NEW MATCH - stock#8096075 | BYD ATTO 2 | Dynamic | $34,753 | available | TAS
[2026-09-02 06:07:47 UTC] NEW MATCH - stock#8105532 | BYD ATTO 2 | Dynamic | $35,371 | available | TAS
[2026-09-03 06:25:39 UTC] NEW MATCH - stock#8108425 | BYD ATTO 2 | Dynamic | $35,161 | available | QLD
[2026-09-03 06:25:39 UTC] NEW MATCH - stock#8108716 | BYD ATTO 2 | Dynamic | $34,549 | available | QLD
[2026-09-03 06:25:39 UTC] NEW MATCH - stock#8108717 | BYD ATTO 2 | Dynamic | $34,549 | available | QLD
[2026-09-03 18:46:42 UTC] NEW MATCH - stock#8108714 | BYD ATTO 2 | Dynamic | $34,549 | available | QLD
[2026-09-04 01:20:03 UTC] NEW MATCH - stock#8108792 | BYD ATTO 2 | Dynamic | $36,155 | available | VIC
[2026-09-04 11:29:01 UTC] NEW MATCH - stock#8113003 | BYD ATTO 2 | Dynamic | $34,549 | available | QLD
[2026-09-04 11:29:01 UTC] NEW MATCH - stock#8113496 | BYD ATTO 2 | Dynamic | $36,155 | available | VIC
[2026-09-04 11:29:01 UTC] NEW MATCH - stock#8113515 | BYD ATTO 2 | Dynamic | $36,155 | available | VIC
[2026-09-04 11:29:01 UTC] NEW MATCH - stock#8113516 | BYD ATTO 2 | Dynamic | $36,155 | available | VIC
[2026-09-04 11:29:01 UTC] NEW MATCH - stock#8113595 | BYD ATTO 2 | Dynamic | $36,157 | available | NSW
[2026-09-04 11:29:01 UTC] NEW MATCH - stock#8113598 | BYD ATTO 2 | Dynamic | $35,539 | available | NSW
[2026-09-04 11:29:01 UTC] NEW MATCH - stock#8113599 | BYD ATTO 2 | Dynamic | $36,157 | available | NSW
[2026-09-04 11:29:01 UTC] NEW MATCH - stock#8113600 | BYD ATTO 2 | Dynamic | $36,157 | available | NSW
[2026-09-04 11:29:01 UTC] NEW MATCH - stock#8113603 | BYD ATTO 2 | Dynamic | $36,157 | available | NSW
[2026-09-04 11:29:01 UTC] NEW MATCH - stock#8113604 | BYD ATTO 2 | Dynamic | $36,157 | available | NSW
[2026-09-04 11:29:01 UTC] NEW MATCH - stock#8113605 | BYD ATTO 2 | Dynamic | $36,157 | available | NSW
[2026-09-04 11:29:01 UTC] NEW MATCH - stock#8113609 | BYD ATTO 2 | Dynamic | $35,539 | available | NSW
[2026-09-04 11:29:01 UTC] NEW MATCH - stock#8113610 | BYD ATTO 2 | Dynamic | $35,539 | available | NSW
[2026-09-06 08:55:35 UTC] NEW MATCH - stock#8102318 | BYD ATTO 2 | Dynamic | $34,549 | available | QLD
[2026-09-07 04:56:29 UTC] NEW MATCH - stock#8104538 | BYD ATTO 2 | Dynamic | $35,161 | available | QLD
[2026-09-07 04:56:29 UTC] NEW MATCH - stock#8113597 | BYD ATTO 2 | Dynamic | $35,539 | available | NSW
[2026-09-07 10:08:13 UTC] NEW MATCH - stock#8095090 | BYD ATTO 2 | Dynamic | $35,500 | available | VIC
[2026-09-07 10:08:13 UTC] NEW MATCH - stock#8109788 | BYD ATTO 2 | Dynamic | $35,660 | available | SA
[2026-09-08 05:18:29 UTC] NEW MATCH - stock#8106969 | BYD ATTO 2 | Dynamic | $34,549 | available | QLD
[2026-09-08 09:53:13 UTC] NEW MATCH - stock#8114337 | BYD ATTO 2 | Dynamic | $35,539 | available | NSW
[2026-09-08 23:24:23 UTC] NEW MATCH - stock#8101709 | BYD ATTO 2 | Dynamic | $36,125 | available | VIC
[2026-09-10 04:39:09 UTC] NEW MATCH - stock#8106973 | BYD ATTO 2 | Dynamic | $34,549 | available | QLD
[2026-09-10 09:12:52 UTC] NEW MATCH - stock#8113601 | BYD ATTO 2 | Dynamic | $36,157 | available | NSW
[2026-09-10 09:12:52 UTC] NEW MATCH - stock#8113602 | BYD ATTO 2 | Dynamic | $36,157 | available | NSW
[2026-09-10 09:12:52 UTC] NEW MATCH - stock#8114335 | BYD ATTO 2 | Dynamic | $36,157 | available | NSW
[2026-09-10 09:12:52 UTC] NEW MATCH - stock#8114338 | BYD ATTO 2 | Dynamic | $35,539 | available | NSW
[2026-09-10 09:12:52 UTC] NEW MATCH - stock#8114346 | BYD ATTO 2 | Dynamic | $35,539 | available | NSW
[2026-09-11 00:28:02 UTC] NEW MATCH - stock#8108708 | BYD ATTO 2 | Dynamic | $34,549 | available | QLD
[2026-09-11 00:28:02 UTC] NEW MATCH - stock#8108709 | BYD ATTO 2 | Dynamic | $34,549 | available | QLD
[2026-09-11 05:08:21 UTC] NEW MATCH - stock#8108427 | BYD ATTO 2 | Dynamic | $35,161 | available | QLD
[2026-09-11 05:08:21 UTC] NEW MATCH - stock#8113606 | BYD ATTO 2 | Dynamic | $36,157 | available | NSW
[2026-09-11 05:08:21 UTC] NEW MATCH - stock#8114341 | BYD ATTO 2 | Dynamic | $36,157 | available | NSW
[2026-09-11 05:08:21 UTC] NEW MATCH - stock#8114344 | BYD ATTO 2 | Dynamic | $35,539 | available | NSW
[2026-09-11 05:08:21 UTC] NEW MATCH - stock#8114345 | BYD ATTO 2 | Dynamic | $35,539 | available | NSW
[2026-09-11 13:53:23 UTC] NEW MATCH - stock#8115179 | BYD ATTO 2 | Dynamic | $36,155 | available | VIC
[2026-09-11 13:53:23 UTC] NEW MATCH - stock#8115183 | BYD ATTO 2 | Dynamic | $35,530 | available | VIC
[2026-09-11 13:53:23 UTC] NEW MATCH - stock#8115184 | BYD ATTO 2 | Dynamic | $35,530 | available | VIC
[2026-09-11 13:53:23 UTC] NEW MATCH - stock#8115436 | BYD ATTO 2 | Dynamic | $36,155 | available | VIC
[2026-09-11 13:53:23 UTC] NEW MATCH - stock#8115437 | BYD ATTO 2 | Dynamic | $36,155 | available | VIC
[2026-09-11 13:53:23 UTC] NEW MATCH - stock#8115446 | BYD ATTO 2 | Dynamic | $35,530 | available | VIC
[2026-09-11 13:53:23 UTC] NEW MATCH - stock#8115459 | BYD ATTO 2 | Dynamic | $36,155 | available | VIC
[2026-09-11 13:53:23 UTC] NEW MATCH - stock#8115461 | BYD ATTO 2 | Dynamic | $36,155 | available | VIC
[2026-09-11 13:53:23 UTC] NEW MATCH - stock#8115462 | BYD ATTO 2 | Dynamic | $36,155 | available | VIC
[2026-09-11 13:53:23 UTC] NEW MATCH - stock#8115482 | BYD ATTO 2 | Dynamic | $36,155 | available | VIC
[2026-09-11 13:53:23 UTC] NEW MATCH - stock#8115483 | BYD ATTO 2 | Dynamic | $36,155 | available | VIC
[2026-09-11 13:53:23 UTC] NEW MATCH - stock#8115486 | BYD ATTO 2 | Dynamic | $36,155 | available | VIC
[2026-09-11 13:53:23 UTC] NEW MATCH - stock#8115525 | BYD ATTO 2 | Dynamic | $36,157 | available | NSW
[2026-09-11 13:53:23 UTC] NEW MATCH - stock#8115526 | BYD ATTO 2 | Dynamic | $36,157 | available | NSW
[2026-09-11 13:53:23 UTC] NEW MATCH - stock#8115527 | BYD ATTO 2 | Dynamic | $36,157 | available | NSW
[2026-09-11 13:53:23 UTC] NEW MATCH - stock#8115529 | BYD ATTO 2 | Dynamic | $36,157 | available | NSW
[2026-09-11 13:53:23 UTC] NEW MATCH - stock#8115530 | BYD ATTO 2 | Dynamic | $36,157 | available | NSW
[2026-09-11 13:53:23 UTC] NEW MATCH - stock#8115531 | BYD ATTO 2 | Dynamic | $36,157 | available | NSW
[2026-09-11 13:53:23 UTC] NEW MATCH - stock#8115618 | BYD ATTO 2 | Dynamic | $36,157 | available | NSW
[2026-09-11 13:53:23 UTC] NEW MATCH - stock#8115619 | BYD ATTO 2 | Dynamic | $36,157 | available | NSW
[2026-09-12 00:38:11 UTC] NEW MATCH - stock#8100345 | BYD ATTO 2 | Dynamic | $35,161 | available | QLD
